During startup - Warning messages:
1: Setting LC_CTYPE failed, using "C" 
2: Setting LC_COLLATE failed, using "C" 
3: Setting LC_TIME failed, using "C" 
4: Setting LC_MESSAGES failed, using "C" 
5: Setting LC_MONETARY failed, using "C" 
6: Setting LC_PAPER failed, using "C" 
7: Setting LC_MEASUREMENT failed, using "C" 
Loading required package: BiocGenerics

Attaching package: 'BiocGenerics'

The following objects are masked from 'package:stats':

    IQR, mad, sd, var, xtabs

The following objects are masked from 'package:base':

    Filter, Find, Map, Position, Reduce, anyDuplicated, aperm, append,
    as.data.frame, basename, cbind, colnames, dirname, do.call,
    duplicated, eval, evalq, get, grep, grepl, intersect, is.unsorted,
    lapply, mapply, match, mget, order, paste, pmax, pmax.int, pmin,
    pmin.int, rank, rbind, rownames, sapply, setdiff, table, tapply,
    union, unique, unsplit, which.max, which.min

Loading required package: S4Vectors
Loading required package: stats4

Attaching package: 'S4Vectors'

The following object is masked from 'package:utils':

    findMatches

The following objects are masked from 'package:base':

    I, expand.grid, unname

Loading required package: IRanges
Loading required package: GenomeInfoDb
Loading required package: GenomicRanges
Loading required package: AnnotationDbi
Loading required package: Biobase
Welcome to Bioconductor

    Vignettes contain introductory material; view with
    'browseVignettes()'. To cite Bioconductor, see
    'citation("Biobase")', and for packages 'citation("pkgname")'.

Loading required package: SummarizedExperiment
Loading required package: MatrixGenerics
Loading required package: matrixStats

Attaching package: 'matrixStats'

The following objects are masked from 'package:Biobase':

    anyMissing, rowMedians


Attaching package: 'MatrixGenerics'

The following objects are masked from 'package:matrixStats':

    colAlls, colAnyNAs, colAnys, colAvgsPerRowSet, colCollapse,
    colCounts, colCummaxs, colCummins, colCumprods, colCumsums,
    colDiffs, colIQRDiffs, colIQRs, colLogSumExps, colMadDiffs,
    colMads, colMaxs, colMeans2, colMedians, colMins, colOrderStats,
    colProds, colQuantiles, colRanges, colRanks, colSdDiffs, colSds,
    colSums2, colTabulates, colVarDiffs, colVars, colWeightedMads,
    colWeightedMeans, colWeightedMedians, colWeightedSds,
    colWeightedVars, rowAlls, rowAnyNAs, rowAnys, rowAvgsPerColSet,
    rowCollapse, rowCounts, rowCummaxs, rowCummins, rowCumprods,
    rowCumsums, rowDiffs, rowIQRDiffs, rowIQRs, rowLogSumExps,
    rowMadDiffs, rowMads, rowMaxs, rowMeans2, rowMedians, rowMins,
    rowOrderStats, rowProds, rowQuantiles, rowRanges, rowRanks,
    rowSdDiffs, rowSds, rowSums2, rowTabulates, rowVarDiffs, rowVars,
    rowWeightedMads, rowWeightedMeans, rowWeightedMedians,
    rowWeightedSds, rowWeightedVars

The following object is masked from 'package:Biobase':

    rowMedians

Loading required package: Biostrings
Loading required package: XVector

Attaching package: 'Biostrings'

The following object is masked from 'package:base':

    strsplit

Loading required package: Rsamtools
Loading required package: SingleCellExperiment
Loading required package: scuttle
Loading required package: ggplot2
counting exon reads
counting intron reads
saving exon/intron counts
sample order is identical

0 samples have no exon but intron counts
0 samples have no intron but exon counts

R version 4.4.0 (2024-04-24)
Platform: x86_64-pc-linux-gnu
Running under: Debian GNU/Linux 12 (bookworm)

Matrix products: default
BLAS:   /nfs/scistore07/clustersw/debian/bookworm/R/4.4.0/lib/R/lib/libRblas.so 
LAPACK: /nfs/scistore07/clustersw/debian/bookworm/R/4.4.0/lib/R/lib/libRlapack.so;  LAPACK version 3.12.0

locale:
[1] C

time zone: Europe/Vienna
tzcode source: system (glibc)

attached base packages:
[1] stats4    stats     graphics  grDevices utils     datasets  methods  
[8] base     

other attached packages:
 [1] BiocParallel_1.38.0         scater_1.32.1              
 [3] ggplot2_3.5.1               scuttle_1.14.0             
 [5] SingleCellExperiment_1.26.0 GenomicAlignments_1.40.0   
 [7] Rsamtools_2.20.0            Biostrings_2.72.1          
 [9] XVector_0.44.0              SummarizedExperiment_1.34.0
[11] MatrixGenerics_1.16.0       matrixStats_1.4.1          
[13] GenomicFeatures_1.56.0      AnnotationDbi_1.66.0       
[15] Biobase_2.64.0              GenomicRanges_1.56.1       
[17] GenomeInfoDb_1.40.1         IRanges_2.38.1             
[19] S4Vectors_0.42.1            BiocGenerics_0.50.0        

loaded via a namespace (and not attached):
 [1] tidyselect_1.2.1          viridisLite_0.4.2        
 [3] dplyr_1.1.4               vipor_0.4.7              
 [5] blob_1.2.4                viridis_0.6.5            
 [7] bitops_1.0-8              fastmap_1.2.0            
 [9] RCurl_1.98-1.16           XML_3.99-0.17            
[11] rsvd_1.0.5                lifecycle_1.0.4          
[13] KEGGREST_1.44.1           RSQLite_2.3.7            
[15] magrittr_2.0.3            compiler_4.4.0           
[17] rlang_1.1.4               tools_4.4.0              
[19] utf8_1.2.4                yaml_2.3.10              
[21] rtracklayer_1.64.0        S4Arrays_1.4.1           
[23] bit_4.0.5                 curl_5.2.2               
[25] DelayedArray_0.30.1       abind_1.4-5              
[27] withr_3.0.1               grid_4.4.0               
[29] fansi_1.0.6               beachmat_2.20.0          
[31] colorspace_2.1-1          scales_1.3.0             
[33] cli_3.6.3                 crayon_1.5.3             
[35] generics_0.1.3            httr_1.4.7               
[37] rjson_0.2.22              DelayedMatrixStats_1.26.0
[39] DBI_1.2.3                 ggbeeswarm_0.7.2         
[41] cachem_1.1.0              zlibbioc_1.50.0          
[43] parallel_4.4.0            restfulr_0.0.15          
[45] vctrs_0.6.5               Matrix_1.7-0             
[47] jsonlite_1.8.8            BiocSingular_1.20.0      
[49] BiocNeighbors_1.22.0      bit64_4.0.5              
[51] ggrepel_0.9.6             irlba_2.3.5.1            
[53] beeswarm_0.4.0            glue_1.7.0               
[55] codetools_0.2-20          gtable_0.3.5             
[57] BiocIO_1.14.0             UCSC.utils_1.0.0         
[59] ScaledMatrix_1.12.0       munsell_0.5.1            
[61] tibble_3.2.1              pillar_1.9.0             
[63] GenomeInfoDbData_1.2.12   R6_2.5.1                 
[65] sparseMatrixStats_1.16.0  lattice_0.22-6           
[67] png_0.1-8                 memoise_2.0.1            
[69] Rcpp_1.0.13               gridExtra_2.3            
[71] SparseArray_1.4.8         pkgconfig_2.0.3          
